2026-05-26 04:15:32,120:WARNING:
'cuml' is a soft dependency and not included in the pycaret installation. Please run: `pip install cuml` to install.
2026-05-26 04:15:32,120:WARNING:
'cuml' is a soft dependency and not included in the pycaret installation. Please run: `pip install cuml` to install.
2026-05-26 04:15:32,120:WARNING:
'cuml' is a soft dependency and not included in the pycaret installation. Please run: `pip install cuml` to install.
2026-05-26 04:15:32,120:WARNING:
'cuml' is a soft dependency and not included in the pycaret installation. Please run: `pip install cuml` to install.
2026-05-26 04:15:49,672:WARNING:
'cuml' is a soft dependency and not included in the pycaret installation. Please run: `pip install cuml` to install.
2026-05-26 04:15:49,673:WARNING:
'cuml' is a soft dependency and not included in the pycaret installation. Please run: `pip install cuml` to install.
2026-05-26 04:15:49,673:WARNING:
'cuml' is a soft dependency and not included in the pycaret installation. Please run: `pip install cuml` to install.
2026-05-26 04:15:49,673:WARNING:
'cuml' is a soft dependency and not included in the pycaret installation. Please run: `pip install cuml` to install.
2026-05-26 04:15:49,850:INFO:PyCaret RegressionExperiment
2026-05-26 04:15:49,851:INFO:Logging name: reg-default-name
2026-05-26 04:15:49,851:INFO:ML Usecase: MLUsecase.REGRESSION
2026-05-26 04:15:49,851:INFO:version 3.2.0
2026-05-26 04:15:49,851:INFO:Initializing setup()
2026-05-26 04:15:49,851:INFO:self.USI: 1826
2026-05-26 04:15:49,851:INFO:self._variable_keys: {'fold_groups_param', 'gpu_n_jobs_param', 'X_train', 'transform_target_param', 'X_test', 'pipeline', 'y_train', 'log_plots_param', 'fold_shuffle_param', 'USI', 'html_param', 'y', '_ml_usecase', '_available_plots', 'n_jobs_param', 'logging_param', 'target_param', 'exp_id', 'fold_generator', 'memory', 'y_test', 'gpu_param', 'seed', 'exp_name_log', 'X', 'idx', 'data'}
2026-05-26 04:15:49,851:INFO:Checking environment
2026-05-26 04:15:49,851:INFO:python_version: 3.8.5
2026-05-26 04:15:49,851:INFO:python_build: ('tags/v3.8.5:580fbb0', 'Jul 20 2020 15:57:54')
2026-05-26 04:15:49,851:INFO:machine: AMD64
2026-05-26 04:15:49,851:INFO:platform: Windows-10-10.0.19041-SP0
2026-05-26 04:15:49,856:INFO:Memory: svmem(total=17018490880, available=3094958080, percent=81.8, used=13923532800, free=3094958080)
2026-05-26 04:15:49,856:INFO:Physical Core: 4
2026-05-26 04:15:49,856:INFO:Logical Core: 8
2026-05-26 04:15:49,856:INFO:Checking libraries
2026-05-26 04:15:49,856:INFO:System:
2026-05-26 04:15:49,856:INFO:    python: 3.8.5 (tags/v3.8.5:580fbb0, Jul 20 2020, 15:57:54) [MSC v.1924 64 bit (AMD64)]
2026-05-26 04:15:49,856:INFO:executable: C:\Users\youna\AppData\Local\Programs\Python\Python38\python.exe
2026-05-26 04:15:49,856:INFO:   machine: Windows-10-10.0.19041-SP0
2026-05-26 04:15:49,856:INFO:PyCaret required dependencies:
2026-05-26 04:15:49,941:INFO:                 pip: 24.2
2026-05-26 04:15:49,941:INFO:          setuptools: 47.1.0
2026-05-26 04:15:49,941:INFO:             pycaret: 3.2.0
2026-05-26 04:15:49,941:INFO:             IPython: 8.12.3
2026-05-26 04:15:49,941:INFO:          ipywidgets: 8.1.8
2026-05-26 04:15:49,941:INFO:                tqdm: 4.66.5
2026-05-26 04:15:49,941:INFO:               numpy: 1.24.3
2026-05-26 04:15:49,941:INFO:              pandas: 1.5.3
2026-05-26 04:15:49,941:INFO:              jinja2: 3.1.4
2026-05-26 04:15:49,941:INFO:               scipy: 1.10.1
2026-05-26 04:15:49,941:INFO:              joblib: 1.2.0
2026-05-26 04:15:49,941:INFO:             sklearn: 1.2.2
2026-05-26 04:15:49,941:INFO:                pyod: 2.1.0
2026-05-26 04:15:49,942:INFO:            imblearn: 0.12.4
2026-05-26 04:15:49,942:INFO:   category_encoders: 2.6.4
2026-05-26 04:15:49,942:INFO:            lightgbm: 4.6.0
2026-05-26 04:15:49,942:INFO:               numba: 0.58.1
2026-05-26 04:15:49,942:INFO:            requests: 2.32.3
2026-05-26 04:15:49,942:INFO:          matplotlib: 3.6.0
2026-05-26 04:15:49,942:INFO:          scikitplot: 0.3.7
2026-05-26 04:15:49,942:INFO:         yellowbrick: 1.5
2026-05-26 04:15:49,942:INFO:              plotly: 6.7.0
2026-05-26 04:15:49,942:INFO:    plotly-resampler: Not installed
2026-05-26 04:15:49,942:INFO:             kaleido: 1.3.0
2026-05-26 04:15:49,942:INFO:           schemdraw: 0.15
2026-05-26 04:15:49,942:INFO:         statsmodels: 0.14.1
2026-05-26 04:15:49,942:INFO:              sktime: 0.21.1
2026-05-26 04:15:49,942:INFO:               tbats: 1.1.3
2026-05-26 04:15:49,942:INFO:            pmdarima: 2.0.4
2026-05-26 04:15:49,942:INFO:              psutil: 6.0.0
2026-05-26 04:15:49,942:INFO:          markupsafe: 2.1.5
2026-05-26 04:15:49,942:INFO:             pickle5: Not installed
2026-05-26 04:15:49,942:INFO:         cloudpickle: 3.1.2
2026-05-26 04:15:49,942:INFO:         deprecation: 2.1.0
2026-05-26 04:15:49,943:INFO:              xxhash: 3.5.0
2026-05-26 04:15:49,943:INFO:           wurlitzer: Not installed
2026-05-26 04:15:49,943:INFO:PyCaret optional dependencies:
2026-05-26 04:15:50,446:INFO:                shap: Not installed
2026-05-26 04:15:50,447:INFO:           interpret: Not installed
2026-05-26 04:15:50,447:INFO:                umap: Not installed
2026-05-26 04:15:50,447:INFO:     ydata_profiling: 4.6.0
2026-05-26 04:15:50,447:INFO:  explainerdashboard: Not installed
2026-05-26 04:15:50,447:INFO:             autoviz: Not installed
2026-05-26 04:15:50,447:INFO:           fairlearn: Not installed
2026-05-26 04:15:50,447:INFO:          deepchecks: Not installed
2026-05-26 04:15:50,447:INFO:             xgboost: Not installed
2026-05-26 04:15:50,447:INFO:            catboost: Not installed
2026-05-26 04:15:50,447:INFO:              kmodes: Not installed
2026-05-26 04:15:50,447:INFO:             mlxtend: Not installed
2026-05-26 04:15:50,447:INFO:       statsforecast: Not installed
2026-05-26 04:15:50,447:INFO:        tune_sklearn: Not installed
2026-05-26 04:15:50,447:INFO:                 ray: Not installed
2026-05-26 04:15:50,447:INFO:            hyperopt: Not installed
2026-05-26 04:15:50,447:INFO:              optuna: Not installed
2026-05-26 04:15:50,447:INFO:               skopt: Not installed
2026-05-26 04:15:50,447:INFO:              mlflow: Not installed
2026-05-26 04:15:50,447:INFO:              gradio: Not installed
2026-05-26 04:15:50,447:INFO:             fastapi: 0.115.2
2026-05-26 04:15:50,448:INFO:             uvicorn: 0.32.0
2026-05-26 04:15:50,448:INFO:              m2cgen: Not installed
2026-05-26 04:15:50,448:INFO:           evidently: Not installed
2026-05-26 04:15:50,448:INFO:               fugue: Not installed
2026-05-26 04:15:50,448:INFO:           streamlit: 1.37.1
2026-05-26 04:15:50,448:INFO:             prophet: Not installed
2026-05-26 04:15:50,448:INFO:None
2026-05-26 04:15:50,448:INFO:Set up data.
2026-05-26 04:15:50,469:INFO:Set up folding strategy.
2026-05-26 04:15:50,469:INFO:Set up train/test split.
2026-05-26 04:15:50,475:INFO:Set up index.
2026-05-26 04:15:50,475:INFO:Assigning column types.
2026-05-26 04:15:50,480:INFO:Engine successfully changes for model 'lr' to 'sklearn'.
2026-05-26 04:15:50,480:INFO:Engine for model 'lasso' has not been set explicitly, hence returning None.
2026-05-26 04:15:50,487:INFO:Engine for model 'ridge' has not been set explicitly, hence returning None.
2026-05-26 04:15:50,492:INFO:Engine for model 'en' has not been set explicitly, hence returning None.
2026-05-26 04:15:50,562:INFO:Engine for model 'svm' has not been set explicitly, hence returning None.
2026-05-26 04:15:50,615:INFO:Engine for model 'knn' has not been set explicitly, hence returning None.
2026-05-26 04:15:50,616:WARNING:
'xgboost' is a soft dependency and not included in the pycaret installation. Please run: `pip install xgboost` to install.
Alternately, you can install this by running `pip install pycaret[models]`
2026-05-26 04:15:50,616:WARNING:
'catboost' is a soft dependency and not included in the pycaret installation. Please run: `pip install catboost` to install.
Alternately, you can install this by running `pip install pycaret[models]`
2026-05-26 04:15:50,616:INFO:Engine for model 'lasso' has not been set explicitly, hence returning None.
2026-05-26 04:15:50,622:INFO:Engine for model 'ridge' has not been set explicitly, hence returning None.
2026-05-26 04:15:50,628:INFO:Engine for model 'en' has not been set explicitly, hence returning None.
2026-05-26 04:15:50,700:INFO:Engine for model 'svm' has not been set explicitly, hence returning None.
2026-05-26 04:15:50,753:INFO:Engine for model 'knn' has not been set explicitly, hence returning None.
2026-05-26 04:15:50,754:WARNING:
'xgboost' is a soft dependency and not included in the pycaret installation. Please run: `pip install xgboost` to install.
Alternately, you can install this by running `pip install pycaret[models]`
2026-05-26 04:15:50,754:WARNING:
'catboost' is a soft dependency and not included in the pycaret installation. Please run: `pip install catboost` to install.
Alternately, you can install this by running `pip install pycaret[models]`
2026-05-26 04:15:50,755:INFO:Engine successfully changes for model 'lasso' to 'sklearn'.
2026-05-26 04:15:50,761:INFO:Engine for model 'ridge' has not been set explicitly, hence returning None.
2026-05-26 04:15:50,766:INFO:Engine for model 'en' has not been set explicitly, hence returning None.
2026-05-26 04:15:50,841:INFO:Engine for model 'svm' has not been set explicitly, hence returning None.
2026-05-26 04:15:50,895:INFO:Engine for model 'knn' has not been set explicitly, hence returning None.
2026-05-26 04:15:50,896:WARNING:
'xgboost' is a soft dependency and not included in the pycaret installation. Please run: `pip install xgboost` to install.
Alternately, you can install this by running `pip install pycaret[models]`
2026-05-26 04:15:50,896:WARNING:
'catboost' is a soft dependency and not included in the pycaret installation. Please run: `pip install catboost` to install.
Alternately, you can install this by running `pip install pycaret[models]`
2026-05-26 04:15:50,904:INFO:Engine for model 'ridge' has not been set explicitly, hence returning None.
2026-05-26 04:15:50,910:INFO:Engine for model 'en' has not been set explicitly, hence returning None.
2026-05-26 04:15:51,005:INFO:Engine for model 'svm' has not been set explicitly, hence returning None.
2026-05-26 04:15:51,059:INFO:Engine for model 'knn' has not been set explicitly, hence returning None.
2026-05-26 04:15:51,060:WARNING:
'xgboost' is a soft dependency and not included in the pycaret installation. Please run: `pip install xgboost` to install.
Alternately, you can install this by running `pip install pycaret[models]`
2026-05-26 04:15:51,060:WARNING:
'catboost' is a soft dependency and not included in the pycaret installation. Please run: `pip install catboost` to install.
Alternately, you can install this by running `pip install pycaret[models]`
2026-05-26 04:15:51,060:INFO:Engine successfully changes for model 'ridge' to 'sklearn'.
2026-05-26 04:15:51,071:INFO:Engine for model 'en' has not been set explicitly, hence returning None.
2026-05-26 04:15:51,144:INFO:Engine for model 'svm' has not been set explicitly, hence returning None.
2026-05-26 04:15:51,200:INFO:Engine for model 'knn' has not been set explicitly, hence returning None.
2026-05-26 04:15:51,201:WARNING:
'xgboost' is a soft dependency and not included in the pycaret installation. Please run: `pip install xgboost` to install.
Alternately, you can install this by running `pip install pycaret[models]`
2026-05-26 04:15:51,201:WARNING:
'catboost' is a soft dependency and not included in the pycaret installation. Please run: `pip install catboost` to install.
Alternately, you can install this by running `pip install pycaret[models]`
2026-05-26 04:15:51,213:INFO:Engine for model 'en' has not been set explicitly, hence returning None.
2026-05-26 04:15:51,295:INFO:Engine for model 'svm' has not been set explicitly, hence returning None.
2026-05-26 04:15:51,364:INFO:Engine for model 'knn' has not been set explicitly, hence returning None.
2026-05-26 04:15:51,444:WARNING:
'xgboost' is a soft dependency and not included in the pycaret installation. Please run: `pip install xgboost` to install.
Alternately, you can install this by running `pip install pycaret[models]`
2026-05-26 04:15:51,445:WARNING:
'catboost' is a soft dependency and not included in the pycaret installation. Please run: `pip install catboost` to install.
Alternately, you can install this by running `pip install pycaret[models]`
2026-05-26 04:15:51,446:INFO:Engine successfully changes for model 'en' to 'sklearn'.
2026-05-26 04:15:51,542:INFO:Engine for model 'svm' has not been set explicitly, hence returning None.
2026-05-26 04:15:51,598:INFO:Engine for model 'knn' has not been set explicitly, hence returning None.
2026-05-26 04:15:51,600:WARNING:
'xgboost' is a soft dependency and not included in the pycaret installation. Please run: `pip install xgboost` to install.
Alternately, you can install this by running `pip install pycaret[models]`
2026-05-26 04:15:51,600:WARNING:
'catboost' is a soft dependency and not included in the pycaret installation. Please run: `pip install catboost` to install.
Alternately, you can install this by running `pip install pycaret[models]`
2026-05-26 04:15:51,689:INFO:Engine for model 'svm' has not been set explicitly, hence returning None.
2026-05-26 04:15:51,745:INFO:Engine for model 'knn' has not been set explicitly, hence returning None.
2026-05-26 04:15:51,746:WARNING:
'xgboost' is a soft dependency and not included in the pycaret installation. Please run: `pip install xgboost` to install.
Alternately, you can install this by running `pip install pycaret[models]`
2026-05-26 04:15:51,746:WARNING:
'catboost' is a soft dependency and not included in the pycaret installation. Please run: `pip install catboost` to install.
Alternately, you can install this by running `pip install pycaret[models]`
2026-05-26 04:15:51,747:INFO:Engine successfully changes for model 'knn' to 'sklearn'.
2026-05-26 04:15:51,838:INFO:Engine for model 'svm' has not been set explicitly, hence returning None.
2026-05-26 04:15:51,898:WARNING:
'xgboost' is a soft dependency and not included in the pycaret installation. Please run: `pip install xgboost` to install.
Alternately, you can install this by running `pip install pycaret[models]`
2026-05-26 04:15:51,898:WARNING:
'catboost' is a soft dependency and not included in the pycaret installation. Please run: `pip install catboost` to install.
Alternately, you can install this by running `pip install pycaret[models]`
2026-05-26 04:15:51,979:INFO:Engine for model 'svm' has not been set explicitly, hence returning None.
2026-05-26 04:15:52,032:WARNING:
'xgboost' is a soft dependency and not included in the pycaret installation. Please run: `pip install xgboost` to install.
Alternately, you can install this by running `pip install pycaret[models]`
2026-05-26 04:15:52,032:WARNING:
'catboost' is a soft dependency and not included in the pycaret installation. Please run: `pip install catboost` to install.
Alternately, you can install this by running `pip install pycaret[models]`
2026-05-26 04:15:52,033:INFO:Engine successfully changes for model 'svm' to 'sklearn'.
2026-05-26 04:15:52,178:WARNING:
'xgboost' is a soft dependency and not included in the pycaret installation. Please run: `pip install xgboost` to install.
Alternately, you can install this by running `pip install pycaret[models]`
2026-05-26 04:15:52,179:WARNING:
'catboost' is a soft dependency and not included in the pycaret installation. Please run: `pip install catboost` to install.
Alternately, you can install this by running `pip install pycaret[models]`
2026-05-26 04:15:52,330:WARNING:
'xgboost' is a soft dependency and not included in the pycaret installation. Please run: `pip install xgboost` to install.
Alternately, you can install this by running `pip install pycaret[models]`
2026-05-26 04:15:52,331:WARNING:
'catboost' is a soft dependency and not included in the pycaret installation. Please run: `pip install catboost` to install.
Alternately, you can install this by running `pip install pycaret[models]`
2026-05-26 04:15:52,334:INFO:Preparing preprocessing pipeline...
2026-05-26 04:15:52,334:INFO:Set up simple imputation.
2026-05-26 04:15:52,334:INFO:Set up removing multicollinearity.
2026-05-26 04:15:52,334:INFO:Set up column transformation.
2026-05-26 04:15:52,334:INFO:Set up feature normalization.
2026-05-26 04:15:52,481:INFO:Finished creating preprocessing pipeline.
2026-05-26 04:15:52,491:INFO:Pipeline: Pipeline(memory=FastMemory(location=C:\Users\youna\AppData\Local\Temp\joblib),
         steps=[('numerical_imputer',
                 TransformerWrapper(include=['gastrocmed_mav',
                                             'tibialisanterior_mav',
                                             'soleus_mav', 'vastusmedialis_mav',
                                             'vastuslateralis_mav',
                                             'rectusfemoris_mav',
                                             'bicepsfemoris_mav',
                                             'semitendinosus_mav',
                                             'gracilis_mav',
                                             'gluteusmedius_mav',
                                             'rightexternaloblique_ma...
                ('categorical_imputer',
                 TransformerWrapper(include=[],
                                    transformer=SimpleImputer(strategy='most_frequent'))),
                ('remove_multicollinearity',
                 TransformerWrapper(exclude=[],
                                    transformer=RemoveMulticollinearity(threshold=0.95))),
                ('transformation',
                 TransformerWrapper(transformer=PowerTransformer(standardize=False))),
                ('normalize',
                 TransformerWrapper(transformer=StandardScaler()))])
2026-05-26 04:15:52,491:INFO:Creating final display dataframe.
2026-05-26 04:15:52,638:INFO:Setup _display_container:                     Description             Value
0                    Session id                42
1                        Target      knee_angle_r
2                   Target type        Regression
3           Original data shape        (1500, 34)
4        Transformed data shape        (1500, 13)
5   Transformed train set shape        (1050, 13)
6    Transformed test set shape         (450, 13)
7              Numeric features                33
8                    Preprocess              True
9               Imputation type            simple
10           Numeric imputation              mean
11       Categorical imputation              mode
12     Remove multicollinearity              True
13  Multicollinearity threshold              0.95
14               Transformation              True
15        Transformation method       yeo-johnson
16                    Normalize              True
17             Normalize method            zscore
18               Fold Generator             KFold
19                  Fold Number                10
20                     CPU Jobs                -1
21                      Use GPU             False
22               Log Experiment             False
23              Experiment Name  reg-default-name
24                          USI              1826
2026-05-26 04:15:52,800:WARNING:
'xgboost' is a soft dependency and not included in the pycaret installation. Please run: `pip install xgboost` to install.
Alternately, you can install this by running `pip install pycaret[models]`
2026-05-26 04:15:52,800:WARNING:
'catboost' is a soft dependency and not included in the pycaret installation. Please run: `pip install catboost` to install.
Alternately, you can install this by running `pip install pycaret[models]`
2026-05-26 04:15:52,950:WARNING:
'xgboost' is a soft dependency and not included in the pycaret installation. Please run: `pip install xgboost` to install.
Alternately, you can install this by running `pip install pycaret[models]`
2026-05-26 04:15:52,951:WARNING:
'catboost' is a soft dependency and not included in the pycaret installation. Please run: `pip install catboost` to install.
Alternately, you can install this by running `pip install pycaret[models]`
2026-05-26 04:15:52,951:INFO:setup() successfully completed in 3.11s...............
2026-05-26 04:15:52,951:INFO:Initializing compare_models()
2026-05-26 04:15:52,952:INFO:compare_models(self=<pycaret.regression.oop.RegressionExperiment object at 0x0000024BE421DFA0>, include=None, fold=3, round=4, cross_validation=True, sort=RMSE, n_select=1, budget_time=None, turbo=True, errors=ignore, fit_kwargs=None, groups=None, experiment_custom_tags=None, probability_threshold=None, verbose=True, parallel=None, caller_params={'self': <pycaret.regression.oop.RegressionExperiment object at 0x0000024BE421DFA0>, 'include': None, 'exclude': ['lar', 'par', 'omp', 'svm', 'mlp'], 'fold': 3, 'round': 4, 'cross_validation': True, 'sort': 'RMSE', 'n_select': 1, 'budget_time': None, 'turbo': True, 'errors': 'ignore', 'fit_kwargs': None, 'groups': None, 'experiment_custom_tags': None, 'engine': None, 'verbose': True, 'parallel': None, '__class__': <class 'pycaret.regression.oop.RegressionExperiment'>}, exclude=['lar', 'par', 'omp', 'svm', 'mlp'])
2026-05-26 04:15:52,952:INFO:Checking exceptions
2026-05-26 04:15:52,953:INFO:Preparing display monitor
2026-05-26 04:15:52,963:INFO:Initializing Linear Regression
2026-05-26 04:15:52,964:INFO:Total runtime is 9.500980377197266e-06 minutes
2026-05-26 04:15:52,964:INFO:SubProcess create_model() called ==================================
2026-05-26 04:15:52,964:INFO:Initializing create_model()
2026-05-26 04:15:52,964:INFO:create_model(self=<pycaret.regression.oop.RegressionExperiment object at 0x0000024BE421DFA0>, estimator=lr, fold=KFold(n_splits=3, random_state=None, shuffle=False), round=4, cross_validation=True, predict=True, fit_kwargs={}, groups=None, refit=False, probability_threshold=None, experiment_custom_tags=None, verbose=False, system=False, add_to_model_list=True, metrics=None, display=<pycaret.internal.display.display.CommonDisplay object at 0x0000024BFA89D910>, model_only=True, return_train_score=False, error_score=0.0, kwargs={})
2026-05-26 04:15:52,964:INFO:Checking exceptions
2026-05-26 04:15:52,964:INFO:Importing libraries
2026-05-26 04:15:52,964:INFO:Copying training dataset
2026-05-26 04:15:52,969:INFO:Defining folds
2026-05-26 04:15:52,969:INFO:Declaring metric variables
2026-05-26 04:15:52,969:INFO:Importing untrained model
2026-05-26 04:15:52,969:INFO:Linear Regression Imported successfully
2026-05-26 04:15:52,969:INFO:Starting cross validation
2026-05-26 04:15:52,974:INFO:Cross validating with KFold(n_splits=3, random_state=None, shuffle=False), n_jobs=-1
2026-05-26 04:15:56,561:INFO:Calculating mean and std
2026-05-26 04:15:56,563:INFO:Creating metrics dataframe
2026-05-26 04:15:56,570:INFO:Uploading results into container
2026-05-26 04:15:56,571:INFO:Uploading model into container now
2026-05-26 04:15:56,572:INFO:_master_model_container: 1
2026-05-26 04:15:56,573:INFO:_display_container: 2
2026-05-26 04:15:56,573:INFO:LinearRegression(n_jobs=-1)
2026-05-26 04:15:56,573:INFO:create_model() successfully completed......................................
2026-05-26 04:15:56,653:INFO:SubProcess create_model() end ==================================
2026-05-26 04:15:56,653:INFO:Creating metrics dataframe
2026-05-26 04:15:56,659:INFO:Initializing Lasso Regression
2026-05-26 04:15:56,659:INFO:Total runtime is 0.06160350640614828 minutes
2026-05-26 04:15:56,660:INFO:SubProcess create_model() called ==================================
2026-05-26 04:15:56,660:INFO:Initializing create_model()
2026-05-26 04:15:56,660:INFO:create_model(self=<pycaret.regression.oop.RegressionExperiment object at 0x0000024BE421DFA0>, estimator=lasso, fold=KFold(n_splits=3, random_state=None, shuffle=False), round=4, cross_validation=True, predict=True, fit_kwargs={}, groups=None, refit=False, probability_threshold=None, experiment_custom_tags=None, verbose=False, system=False, add_to_model_list=True, metrics=None, display=<pycaret.internal.display.display.CommonDisplay object at 0x0000024BFA89D910>, model_only=True, return_train_score=False, error_score=0.0, kwargs={})
2026-05-26 04:15:56,660:INFO:Checking exceptions
2026-05-26 04:15:56,660:INFO:Importing libraries
2026-05-26 04:15:56,661:INFO:Copying training dataset
2026-05-26 04:15:56,668:INFO:Defining folds
2026-05-26 04:15:56,668:INFO:Declaring metric variables
2026-05-26 04:15:56,668:INFO:Importing untrained model
2026-05-26 04:15:56,669:INFO:Lasso Regression Imported successfully
2026-05-26 04:15:56,670:INFO:Starting cross validation
2026-05-26 04:15:56,672:INFO:Cross validating with KFold(n_splits=3, random_state=None, shuffle=False), n_jobs=-1
2026-05-26 04:16:00,010:INFO:Calculating mean and std
2026-05-26 04:16:00,011:INFO:Creating metrics dataframe
2026-05-26 04:16:00,018:INFO:Uploading results into container
2026-05-26 04:16:00,019:INFO:Uploading model into container now
2026-05-26 04:16:00,020:INFO:_master_model_container: 2
2026-05-26 04:16:00,020:INFO:_display_container: 2
2026-05-26 04:16:00,021:INFO:Lasso(random_state=42)
2026-05-26 04:16:00,021:INFO:create_model() successfully completed......................................
2026-05-26 04:16:00,098:INFO:SubProcess create_model() end ==================================
2026-05-26 04:16:00,098:INFO:Creating metrics dataframe
2026-05-26 04:16:00,105:INFO:Initializing Ridge Regression
2026-05-26 04:16:00,106:INFO:Total runtime is 0.11904852390289307 minutes
2026-05-26 04:16:00,106:INFO:SubProcess create_model() called ==================================
2026-05-26 04:16:00,106:INFO:Initializing create_model()
2026-05-26 04:16:00,106:INFO:create_model(self=<pycaret.regression.oop.RegressionExperiment object at 0x0000024BE421DFA0>, estimator=ridge, fold=KFold(n_splits=3, random_state=None, shuffle=False), round=4, cross_validation=True, predict=True, fit_kwargs={}, groups=None, refit=False, probability_threshold=None, experiment_custom_tags=None, verbose=False, system=False, add_to_model_list=True, metrics=None, display=<pycaret.internal.display.display.CommonDisplay object at 0x0000024BFA89D910>, model_only=True, return_train_score=False, error_score=0.0, kwargs={})
2026-05-26 04:16:00,106:INFO:Checking exceptions
2026-05-26 04:16:00,106:INFO:Importing libraries
2026-05-26 04:16:00,106:INFO:Copying training dataset
2026-05-26 04:16:00,111:INFO:Defining folds
2026-05-26 04:16:00,111:INFO:Declaring metric variables
2026-05-26 04:16:00,112:INFO:Importing untrained model
2026-05-26 04:16:00,112:INFO:Ridge Regression Imported successfully
2026-05-26 04:16:00,112:INFO:Starting cross validation
2026-05-26 04:16:00,114:INFO:Cross validating with KFold(n_splits=3, random_state=None, shuffle=False), n_jobs=-1
2026-05-26 04:16:02,679:INFO:Calculating mean and std
2026-05-26 04:16:02,680:INFO:Creating metrics dataframe
2026-05-26 04:16:02,687:INFO:Uploading results into container
2026-05-26 04:16:02,688:INFO:Uploading model into container now
2026-05-26 04:16:02,689:INFO:_master_model_container: 3
2026-05-26 04:16:02,689:INFO:_display_container: 2
2026-05-26 04:16:02,689:INFO:Ridge(random_state=42)
2026-05-26 04:16:02,689:INFO:create_model() successfully completed......................................
2026-05-26 04:16:02,770:INFO:SubProcess create_model() end ==================================
2026-05-26 04:16:02,770:INFO:Creating metrics dataframe
2026-05-26 04:16:02,777:INFO:Initializing Elastic Net
2026-05-26 04:16:02,777:INFO:Total runtime is 0.16355981826782226 minutes
2026-05-26 04:16:02,778:INFO:SubProcess create_model() called ==================================
2026-05-26 04:16:02,778:INFO:Initializing create_model()
2026-05-26 04:16:02,778:INFO:create_model(self=<pycaret.regression.oop.RegressionExperiment object at 0x0000024BE421DFA0>, estimator=en, fold=KFold(n_splits=3, random_state=None, shuffle=False), round=4, cross_validation=True, predict=True, fit_kwargs={}, groups=None, refit=False, probability_threshold=None, experiment_custom_tags=None, verbose=False, system=False, add_to_model_list=True, metrics=None, display=<pycaret.internal.display.display.CommonDisplay object at 0x0000024BFA89D910>, model_only=True, return_train_score=False, error_score=0.0, kwargs={})
2026-05-26 04:16:02,778:INFO:Checking exceptions
2026-05-26 04:16:02,778:INFO:Importing libraries
2026-05-26 04:16:02,778:INFO:Copying training dataset
2026-05-26 04:16:02,783:INFO:Defining folds
2026-05-26 04:16:02,783:INFO:Declaring metric variables
2026-05-26 04:16:02,783:INFO:Importing untrained model
2026-05-26 04:16:02,783:INFO:Elastic Net Imported successfully
2026-05-26 04:16:02,783:INFO:Starting cross validation
2026-05-26 04:16:02,785:INFO:Cross validating with KFold(n_splits=3, random_state=None, shuffle=False), n_jobs=-1
2026-05-26 04:16:02,985:INFO:Calculating mean and std
2026-05-26 04:16:02,985:INFO:Creating metrics dataframe
2026-05-26 04:16:02,990:INFO:Uploading results into container
2026-05-26 04:16:02,991:INFO:Uploading model into container now
2026-05-26 04:16:02,992:INFO:_master_model_container: 4
2026-05-26 04:16:02,992:INFO:_display_container: 2
2026-05-26 04:16:02,992:INFO:ElasticNet(random_state=42)
2026-05-26 04:16:02,992:INFO:create_model() successfully completed......................................
2026-05-26 04:16:03,062:INFO:SubProcess create_model() end ==================================
2026-05-26 04:16:03,062:INFO:Creating metrics dataframe
2026-05-26 04:16:03,069:INFO:Initializing Lasso Least Angle Regression
2026-05-26 04:16:03,069:INFO:Total runtime is 0.1684367299079895 minutes
2026-05-26 04:16:03,069:INFO:SubProcess create_model() called ==================================
2026-05-26 04:16:03,069:INFO:Initializing create_model()
2026-05-26 04:16:03,069:INFO:create_model(self=<pycaret.regression.oop.RegressionExperiment object at 0x0000024BE421DFA0>, estimator=llar, fold=KFold(n_splits=3, random_state=None, shuffle=False), round=4, cross_validation=True, predict=True, fit_kwargs={}, groups=None, refit=False, probability_threshold=None, experiment_custom_tags=None, verbose=False, system=False, add_to_model_list=True, metrics=None, display=<pycaret.internal.display.display.CommonDisplay object at 0x0000024BFA89D910>, model_only=True, return_train_score=False, error_score=0.0, kwargs={})
2026-05-26 04:16:03,069:INFO:Checking exceptions
2026-05-26 04:16:03,070:INFO:Importing libraries
2026-05-26 04:16:03,070:INFO:Copying training dataset
2026-05-26 04:16:03,075:INFO:Defining folds
2026-05-26 04:16:03,075:INFO:Declaring metric variables
2026-05-26 04:16:03,075:INFO:Importing untrained model
2026-05-26 04:16:03,075:INFO:Lasso Least Angle Regression Imported successfully
2026-05-26 04:16:03,076:INFO:Starting cross validation
2026-05-26 04:16:03,077:INFO:Cross validating with KFold(n_splits=3, random_state=None, shuffle=False), n_jobs=-1
2026-05-26 04:16:03,307:INFO:Calculating mean and std
2026-05-26 04:16:03,308:INFO:Creating metrics dataframe
2026-05-26 04:16:03,313:INFO:Uploading results into container
2026-05-26 04:16:03,314:INFO:Uploading model into container now
2026-05-26 04:16:03,315:INFO:_master_model_container: 5
2026-05-26 04:16:03,315:INFO:_display_container: 2
2026-05-26 04:16:03,315:INFO:LassoLars(random_state=42)
2026-05-26 04:16:03,315:INFO:create_model() successfully completed......................................
2026-05-26 04:16:03,386:INFO:SubProcess create_model() end ==================================
2026-05-26 04:16:03,387:INFO:Creating metrics dataframe
2026-05-26 04:16:03,393:INFO:Initializing Bayesian Ridge
2026-05-26 04:16:03,394:INFO:Total runtime is 0.1738288124402364 minutes
2026-05-26 04:16:03,394:INFO:SubProcess create_model() called ==================================
2026-05-26 04:16:03,394:INFO:Initializing create_model()
2026-05-26 04:16:03,394:INFO:create_model(self=<pycaret.regression.oop.RegressionExperiment object at 0x0000024BE421DFA0>, estimator=br, fold=KFold(n_splits=3, random_state=None, shuffle=False), round=4, cross_validation=True, predict=True, fit_kwargs={}, groups=None, refit=False, probability_threshold=None, experiment_custom_tags=None, verbose=False, system=False, add_to_model_list=True, metrics=None, display=<pycaret.internal.display.display.CommonDisplay object at 0x0000024BFA89D910>, model_only=True, return_train_score=False, error_score=0.0, kwargs={})
2026-05-26 04:16:03,395:INFO:Checking exceptions
2026-05-26 04:16:03,395:INFO:Importing libraries
2026-05-26 04:16:03,395:INFO:Copying training dataset
2026-05-26 04:16:03,399:INFO:Defining folds
2026-05-26 04:16:03,399:INFO:Declaring metric variables
2026-05-26 04:16:03,400:INFO:Importing untrained model
2026-05-26 04:16:03,400:INFO:Bayesian Ridge Imported successfully
2026-05-26 04:16:03,400:INFO:Starting cross validation
2026-05-26 04:16:03,402:INFO:Cross validating with KFold(n_splits=3, random_state=None, shuffle=False), n_jobs=-1
2026-05-26 04:16:03,615:INFO:Calculating mean and std
2026-05-26 04:16:03,616:INFO:Creating metrics dataframe
2026-05-26 04:16:03,621:INFO:Uploading results into container
2026-05-26 04:16:03,621:INFO:Uploading model into container now
2026-05-26 04:16:03,622:INFO:_master_model_container: 6
2026-05-26 04:16:03,622:INFO:_display_container: 2
2026-05-26 04:16:03,622:INFO:BayesianRidge()
2026-05-26 04:16:03,622:INFO:create_model() successfully completed......................................
2026-05-26 04:16:03,695:INFO:SubProcess create_model() end ==================================
2026-05-26 04:16:03,695:INFO:Creating metrics dataframe
2026-05-26 04:16:03,701:INFO:Initializing Huber Regressor
2026-05-26 04:16:03,701:INFO:Total runtime is 0.17897236744562783 minutes
2026-05-26 04:16:03,701:INFO:SubProcess create_model() called ==================================
2026-05-26 04:16:03,702:INFO:Initializing create_model()
2026-05-26 04:16:03,702:INFO:create_model(self=<pycaret.regression.oop.RegressionExperiment object at 0x0000024BE421DFA0>, estimator=huber, fold=KFold(n_splits=3, random_state=None, shuffle=False), round=4, cross_validation=True, predict=True, fit_kwargs={}, groups=None, refit=False, probability_threshold=None, experiment_custom_tags=None, verbose=False, system=False, add_to_model_list=True, metrics=None, display=<pycaret.internal.display.display.CommonDisplay object at 0x0000024BFA89D910>, model_only=True, return_train_score=False, error_score=0.0, kwargs={})
2026-05-26 04:16:03,702:INFO:Checking exceptions
2026-05-26 04:16:03,702:INFO:Importing libraries
2026-05-26 04:16:03,702:INFO:Copying training dataset
2026-05-26 04:16:03,707:INFO:Defining folds
2026-05-26 04:16:03,707:INFO:Declaring metric variables
2026-05-26 04:16:03,707:INFO:Importing untrained model
2026-05-26 04:16:03,708:INFO:Huber Regressor Imported successfully
2026-05-26 04:16:03,708:INFO:Starting cross validation
2026-05-26 04:16:03,709:INFO:Cross validating with KFold(n_splits=3, random_state=None, shuffle=False), n_jobs=-1
2026-05-26 04:16:03,933:INFO:Calculating mean and std
2026-05-26 04:16:03,934:INFO:Creating metrics dataframe
2026-05-26 04:16:03,938:INFO:Uploading results into container
2026-05-26 04:16:03,939:INFO:Uploading model into container now
2026-05-26 04:16:03,940:INFO:_master_model_container: 7
2026-05-26 04:16:03,940:INFO:_display_container: 2
2026-05-26 04:16:03,940:INFO:HuberRegressor()
2026-05-26 04:16:03,940:INFO:create_model() successfully completed......................................
2026-05-26 04:16:04,020:INFO:SubProcess create_model() end ==================================
2026-05-26 04:16:04,020:INFO:Creating metrics dataframe
2026-05-26 04:16:04,028:INFO:Initializing K Neighbors Regressor
2026-05-26 04:16:04,028:INFO:Total runtime is 0.18440783818562825 minutes
2026-05-26 04:16:04,028:INFO:SubProcess create_model() called ==================================
2026-05-26 04:16:04,028:INFO:Initializing create_model()
2026-05-26 04:16:04,028:INFO:create_model(self=<pycaret.regression.oop.RegressionExperiment object at 0x0000024BE421DFA0>, estimator=knn, fold=KFold(n_splits=3, random_state=None, shuffle=False), round=4, cross_validation=True, predict=True, fit_kwargs={}, groups=None, refit=False, probability_threshold=None, experiment_custom_tags=None, verbose=False, system=False, add_to_model_list=True, metrics=None, display=<pycaret.internal.display.display.CommonDisplay object at 0x0000024BFA89D910>, model_only=True, return_train_score=False, error_score=0.0, kwargs={})
2026-05-26 04:16:04,030:INFO:Checking exceptions
2026-05-26 04:16:04,030:INFO:Importing libraries
2026-05-26 04:16:04,030:INFO:Copying training dataset
2026-05-26 04:16:04,035:INFO:Defining folds
2026-05-26 04:16:04,035:INFO:Declaring metric variables
2026-05-26 04:16:04,035:INFO:Importing untrained model
2026-05-26 04:16:04,035:INFO:K Neighbors Regressor Imported successfully
2026-05-26 04:16:04,035:INFO:Starting cross validation
2026-05-26 04:16:04,037:INFO:Cross validating with KFold(n_splits=3, random_state=None, shuffle=False), n_jobs=-1
2026-05-26 04:16:04,267:INFO:Calculating mean and std
2026-05-26 04:16:04,267:INFO:Creating metrics dataframe
2026-05-26 04:16:04,272:INFO:Uploading results into container
2026-05-26 04:16:04,273:INFO:Uploading model into container now
2026-05-26 04:16:04,274:INFO:_master_model_container: 8
2026-05-26 04:16:04,274:INFO:_display_container: 2
2026-05-26 04:16:04,274:INFO:KNeighborsRegressor(n_jobs=-1)
2026-05-26 04:16:04,274:INFO:create_model() successfully completed......................................
2026-05-26 04:16:04,349:INFO:SubProcess create_model() end ==================================
2026-05-26 04:16:04,350:INFO:Creating metrics dataframe
2026-05-26 04:16:04,356:INFO:Initializing Decision Tree Regressor
2026-05-26 04:16:04,357:INFO:Total runtime is 0.18988685607910155 minutes
2026-05-26 04:16:04,357:INFO:SubProcess create_model() called ==================================
2026-05-26 04:16:04,357:INFO:Initializing create_model()
2026-05-26 04:16:04,357:INFO:create_model(self=<pycaret.regression.oop.RegressionExperiment object at 0x0000024BE421DFA0>, estimator=dt, fold=KFold(n_splits=3, random_state=None, shuffle=False), round=4, cross_validation=True, predict=True, fit_kwargs={}, groups=None, refit=False, probability_threshold=None, experiment_custom_tags=None, verbose=False, system=False, add_to_model_list=True, metrics=None, display=<pycaret.internal.display.display.CommonDisplay object at 0x0000024BFA89D910>, model_only=True, return_train_score=False, error_score=0.0, kwargs={})
2026-05-26 04:16:04,357:INFO:Checking exceptions
2026-05-26 04:16:04,357:INFO:Importing libraries
2026-05-26 04:16:04,357:INFO:Copying training dataset
2026-05-26 04:16:04,363:INFO:Defining folds
2026-05-26 04:16:04,364:INFO:Declaring metric variables
2026-05-26 04:16:04,364:INFO:Importing untrained model
2026-05-26 04:16:04,364:INFO:Decision Tree Regressor Imported successfully
2026-05-26 04:16:04,365:INFO:Starting cross validation
2026-05-26 04:16:04,366:INFO:Cross validating with KFold(n_splits=3, random_state=None, shuffle=False), n_jobs=-1
2026-05-26 04:16:04,611:INFO:Calculating mean and std
2026-05-26 04:16:04,612:INFO:Creating metrics dataframe
2026-05-26 04:16:04,617:INFO:Uploading results into container
2026-05-26 04:16:04,618:INFO:Uploading model into container now
2026-05-26 04:16:04,619:INFO:_master_model_container: 9
2026-05-26 04:16:04,619:INFO:_display_container: 2
2026-05-26 04:16:04,619:INFO:DecisionTreeRegressor(random_state=42)
2026-05-26 04:16:04,620:INFO:create_model() successfully completed......................................
2026-05-26 04:16:04,693:INFO:SubProcess create_model() end ==================================
2026-05-26 04:16:04,693:INFO:Creating metrics dataframe
2026-05-26 04:16:04,701:INFO:Initializing Random Forest Regressor
2026-05-26 04:16:04,701:INFO:Total runtime is 0.19562803506851195 minutes
2026-05-26 04:16:04,701:INFO:SubProcess create_model() called ==================================
2026-05-26 04:16:04,702:INFO:Initializing create_model()
2026-05-26 04:16:04,702:INFO:create_model(self=<pycaret.regression.oop.RegressionExperiment object at 0x0000024BE421DFA0>, estimator=rf, fold=KFold(n_splits=3, random_state=None, shuffle=False), round=4, cross_validation=True, predict=True, fit_kwargs={}, groups=None, refit=False, probability_threshold=None, experiment_custom_tags=None, verbose=False, system=False, add_to_model_list=True, metrics=None, display=<pycaret.internal.display.display.CommonDisplay object at 0x0000024BFA89D910>, model_only=True, return_train_score=False, error_score=0.0, kwargs={})
2026-05-26 04:16:04,702:INFO:Checking exceptions
2026-05-26 04:16:04,702:INFO:Importing libraries
2026-05-26 04:16:04,702:INFO:Copying training dataset
2026-05-26 04:16:04,707:INFO:Defining folds
2026-05-26 04:16:04,707:INFO:Declaring metric variables
2026-05-26 04:16:04,707:INFO:Importing untrained model
2026-05-26 04:16:04,707:INFO:Random Forest Regressor Imported successfully
2026-05-26 04:16:04,708:INFO:Starting cross validation
2026-05-26 04:16:04,709:INFO:Cross validating with KFold(n_splits=3, random_state=None, shuffle=False), n_jobs=-1
2026-05-26 04:16:06,055:INFO:Calculating mean and std
2026-05-26 04:16:06,056:INFO:Creating metrics dataframe
2026-05-26 04:16:06,063:INFO:Uploading results into container
2026-05-26 04:16:06,064:INFO:Uploading model into container now
2026-05-26 04:16:06,065:INFO:_master_model_container: 10
2026-05-26 04:16:06,065:INFO:_display_container: 2
2026-05-26 04:16:06,065:INFO:RandomForestRegressor(n_jobs=-1, random_state=42)
2026-05-26 04:16:06,065:INFO:create_model() successfully completed......................................
2026-05-26 04:16:06,155:INFO:SubProcess create_model() end ==================================
2026-05-26 04:16:06,156:INFO:Creating metrics dataframe
2026-05-26 04:16:06,165:INFO:Initializing Extra Trees Regressor
2026-05-26 04:16:06,165:INFO:Total runtime is 0.22002930243810018 minutes
2026-05-26 04:16:06,165:INFO:SubProcess create_model() called ==================================
2026-05-26 04:16:06,166:INFO:Initializing create_model()
2026-05-26 04:16:06,166:INFO:create_model(self=<pycaret.regression.oop.RegressionExperiment object at 0x0000024BE421DFA0>, estimator=et, fold=KFold(n_splits=3, random_state=None, shuffle=False), round=4, cross_validation=True, predict=True, fit_kwargs={}, groups=None, refit=False, probability_threshold=None, experiment_custom_tags=None, verbose=False, system=False, add_to_model_list=True, metrics=None, display=<pycaret.internal.display.display.CommonDisplay object at 0x0000024BFA89D910>, model_only=True, return_train_score=False, error_score=0.0, kwargs={})
2026-05-26 04:16:06,166:INFO:Checking exceptions
2026-05-26 04:16:06,166:INFO:Importing libraries
2026-05-26 04:16:06,166:INFO:Copying training dataset
2026-05-26 04:16:06,172:INFO:Defining folds
2026-05-26 04:16:06,172:INFO:Declaring metric variables
2026-05-26 04:16:06,172:INFO:Importing untrained model
2026-05-26 04:16:06,173:INFO:Extra Trees Regressor Imported successfully
2026-05-26 04:16:06,173:INFO:Starting cross validation
2026-05-26 04:16:06,175:INFO:Cross validating with KFold(n_splits=3, random_state=None, shuffle=False), n_jobs=-1
2026-05-26 04:16:08,155:INFO:Calculating mean and std
2026-05-26 04:16:08,157:INFO:Creating metrics dataframe
2026-05-26 04:16:08,169:INFO:Uploading results into container
2026-05-26 04:16:08,171:INFO:Uploading model into container now
2026-05-26 04:16:08,172:INFO:_master_model_container: 11
2026-05-26 04:16:08,172:INFO:_display_container: 2
2026-05-26 04:16:08,173:INFO:ExtraTreesRegressor(n_jobs=-1, random_state=42)
2026-05-26 04:16:08,173:INFO:create_model() successfully completed......................................
2026-05-26 04:16:08,575:INFO:SubProcess create_model() end ==================================
2026-05-26 04:16:08,575:INFO:Creating metrics dataframe
2026-05-26 04:16:08,595:INFO:Initializing AdaBoost Regressor
2026-05-26 04:16:08,595:INFO:Total runtime is 0.26053104003270466 minutes
2026-05-26 04:16:08,596:INFO:SubProcess create_model() called ==================================
2026-05-26 04:16:08,596:INFO:Initializing create_model()
2026-05-26 04:16:08,596:INFO:create_model(self=<pycaret.regression.oop.RegressionExperiment object at 0x0000024BE421DFA0>, estimator=ada, fold=KFold(n_splits=3, random_state=None, shuffle=False), round=4, cross_validation=True, predict=True, fit_kwargs={}, groups=None, refit=False, probability_threshold=None, experiment_custom_tags=None, verbose=False, system=False, add_to_model_list=True, metrics=None, display=<pycaret.internal.display.display.CommonDisplay object at 0x0000024BFA89D910>, model_only=True, return_train_score=False, error_score=0.0, kwargs={})
2026-05-26 04:16:08,597:INFO:Checking exceptions
2026-05-26 04:16:08,597:INFO:Importing libraries
2026-05-26 04:16:08,597:INFO:Copying training dataset
2026-05-26 04:16:08,609:INFO:Defining folds
2026-05-26 04:16:08,610:INFO:Declaring metric variables
2026-05-26 04:16:08,610:INFO:Importing untrained model
2026-05-26 04:16:08,611:INFO:AdaBoost Regressor Imported successfully
2026-05-26 04:16:08,613:INFO:Starting cross validation
2026-05-26 04:16:08,617:INFO:Cross validating with KFold(n_splits=3, random_state=None, shuffle=False), n_jobs=-1
2026-05-26 04:16:09,839:INFO:Calculating mean and std
2026-05-26 04:16:09,841:INFO:Creating metrics dataframe
2026-05-26 04:16:09,853:INFO:Uploading results into container
2026-05-26 04:16:09,855:INFO:Uploading model into container now
2026-05-26 04:16:09,855:INFO:_master_model_container: 12
2026-05-26 04:16:09,856:INFO:_display_container: 2
2026-05-26 04:16:09,856:INFO:AdaBoostRegressor(random_state=42)
2026-05-26 04:16:09,857:INFO:create_model() successfully completed......................................
2026-05-26 04:16:10,050:INFO:SubProcess create_model() end ==================================
2026-05-26 04:16:10,050:INFO:Creating metrics dataframe
2026-05-26 04:16:10,070:INFO:Initializing Gradient Boosting Regressor
2026-05-26 04:16:10,070:INFO:Total runtime is 0.2851217269897461 minutes
2026-05-26 04:16:10,071:INFO:SubProcess create_model() called ==================================
2026-05-26 04:16:10,072:INFO:Initializing create_model()
2026-05-26 04:16:10,072:INFO:create_model(self=<pycaret.regression.oop.RegressionExperiment object at 0x0000024BE421DFA0>, estimator=gbr, fold=KFold(n_splits=3, random_state=None, shuffle=False), round=4, cross_validation=True, predict=True, fit_kwargs={}, groups=None, refit=False, probability_threshold=None, experiment_custom_tags=None, verbose=False, system=False, add_to_model_list=True, metrics=None, display=<pycaret.internal.display.display.CommonDisplay object at 0x0000024BFA89D910>, model_only=True, return_train_score=False, error_score=0.0, kwargs={})
2026-05-26 04:16:10,072:INFO:Checking exceptions
2026-05-26 04:16:10,072:INFO:Importing libraries
2026-05-26 04:16:10,073:INFO:Copying training dataset
2026-05-26 04:16:10,085:INFO:Defining folds
2026-05-26 04:16:10,086:INFO:Declaring metric variables
2026-05-26 04:16:10,090:INFO:Importing untrained model
2026-05-26 04:16:10,092:INFO:Gradient Boosting Regressor Imported successfully
2026-05-26 04:16:10,094:INFO:Starting cross validation
2026-05-26 04:16:10,099:INFO:Cross validating with KFold(n_splits=3, random_state=None, shuffle=False), n_jobs=-1
2026-05-26 04:16:11,674:INFO:Calculating mean and std
2026-05-26 04:16:11,675:INFO:Creating metrics dataframe
2026-05-26 04:16:11,684:INFO:Uploading results into container
2026-05-26 04:16:11,686:INFO:Uploading model into container now
2026-05-26 04:16:11,687:INFO:_master_model_container: 13
2026-05-26 04:16:11,687:INFO:_display_container: 2
2026-05-26 04:16:11,688:INFO:GradientBoostingRegressor(random_state=42)
2026-05-26 04:16:11,689:INFO:create_model() successfully completed......................................
2026-05-26 04:16:11,791:INFO:SubProcess create_model() end ==================================
2026-05-26 04:16:11,791:INFO:Creating metrics dataframe
2026-05-26 04:16:11,802:INFO:Initializing Light Gradient Boosting Machine
2026-05-26 04:16:11,802:INFO:Total runtime is 0.3139795184135437 minutes
2026-05-26 04:16:11,803:INFO:SubProcess create_model() called ==================================
2026-05-26 04:16:11,803:INFO:Initializing create_model()
2026-05-26 04:16:11,803:INFO:create_model(self=<pycaret.regression.oop.RegressionExperiment object at 0x0000024BE421DFA0>, estimator=lightgbm, fold=KFold(n_splits=3, random_state=None, shuffle=False), round=4, cross_validation=True, predict=True, fit_kwargs={}, groups=None, refit=False, probability_threshold=None, experiment_custom_tags=None, verbose=False, system=False, add_to_model_list=True, metrics=None, display=<pycaret.internal.display.display.CommonDisplay object at 0x0000024BFA89D910>, model_only=True, return_train_score=False, error_score=0.0, kwargs={})
2026-05-26 04:16:11,804:INFO:Checking exceptions
2026-05-26 04:16:11,804:INFO:Importing libraries
2026-05-26 04:16:11,804:INFO:Copying training dataset
2026-05-26 04:16:11,814:INFO:Defining folds
2026-05-26 04:16:11,815:INFO:Declaring metric variables
2026-05-26 04:16:11,815:INFO:Importing untrained model
2026-05-26 04:16:11,816:INFO:Light Gradient Boosting Machine Imported successfully
2026-05-26 04:16:11,817:INFO:Starting cross validation
2026-05-26 04:16:11,822:INFO:Cross validating with KFold(n_splits=3, random_state=None, shuffle=False), n_jobs=-1
2026-05-26 04:16:12,741:INFO:Calculating mean and std
2026-05-26 04:16:12,743:INFO:Creating metrics dataframe
2026-05-26 04:16:12,752:INFO:Uploading results into container
2026-05-26 04:16:12,753:INFO:Uploading model into container now
2026-05-26 04:16:12,754:INFO:_master_model_container: 14
2026-05-26 04:16:12,754:INFO:_display_container: 2
2026-05-26 04:16:12,756:INFO:LGBMRegressor(n_jobs=-1, random_state=42)
2026-05-26 04:16:12,756:INFO:create_model() successfully completed......................................
2026-05-26 04:16:12,864:INFO:SubProcess create_model() end ==================================
2026-05-26 04:16:12,865:INFO:Creating metrics dataframe
2026-05-26 04:16:12,878:INFO:Initializing Dummy Regressor
2026-05-26 04:16:12,878:INFO:Total runtime is 0.33191260894139607 minutes
2026-05-26 04:16:12,879:INFO:SubProcess create_model() called ==================================
2026-05-26 04:16:12,879:INFO:Initializing create_model()
2026-05-26 04:16:12,879:INFO:create_model(self=<pycaret.regression.oop.RegressionExperiment object at 0x0000024BE421DFA0>, estimator=dummy, fold=KFold(n_splits=3, random_state=None, shuffle=False), round=4, cross_validation=True, predict=True, fit_kwargs={}, groups=None, refit=False, probability_threshold=None, experiment_custom_tags=None, verbose=False, system=False, add_to_model_list=True, metrics=None, display=<pycaret.internal.display.display.CommonDisplay object at 0x0000024BFA89D910>, model_only=True, return_train_score=False, error_score=0.0, kwargs={})
2026-05-26 04:16:12,879:INFO:Checking exceptions
2026-05-26 04:16:12,879:INFO:Importing libraries
2026-05-26 04:16:12,879:INFO:Copying training dataset
2026-05-26 04:16:12,886:INFO:Defining folds
2026-05-26 04:16:12,886:INFO:Declaring metric variables
2026-05-26 04:16:12,887:INFO:Importing untrained model
2026-05-26 04:16:12,887:INFO:Dummy Regressor Imported successfully
2026-05-26 04:16:12,888:INFO:Starting cross validation
2026-05-26 04:16:12,890:INFO:Cross validating with KFold(n_splits=3, random_state=None, shuffle=False), n_jobs=-1
2026-05-26 04:16:13,204:INFO:Calculating mean and std
2026-05-26 04:16:13,205:INFO:Creating metrics dataframe
2026-05-26 04:16:13,212:INFO:Uploading results into container
2026-05-26 04:16:13,214:INFO:Uploading model into container now
2026-05-26 04:16:13,215:INFO:_master_model_container: 15
2026-05-26 04:16:13,215:INFO:_display_container: 2
2026-05-26 04:16:13,215:INFO:DummyRegressor()
2026-05-26 04:16:13,215:INFO:create_model() successfully completed......................................
2026-05-26 04:16:13,309:INFO:SubProcess create_model() end ==================================
2026-05-26 04:16:13,309:INFO:Creating metrics dataframe
2026-05-26 04:16:13,322:INFO:Initializing create_model()
2026-05-26 04:16:13,322:INFO:create_model(self=<pycaret.regression.oop.RegressionExperiment object at 0x0000024BE421DFA0>, estimator=ExtraTreesRegressor(n_jobs=-1, random_state=42), fold=KFold(n_splits=3, random_state=None, shuffle=False), round=4, cross_validation=False, predict=False, fit_kwargs={}, groups=None, refit=True, probability_threshold=None, experiment_custom_tags=None, verbose=False, system=False, add_to_model_list=True, metrics=None, display=None, model_only=True, return_train_score=False, error_score=0.0, kwargs={})
2026-05-26 04:16:13,323:INFO:Checking exceptions
2026-05-26 04:16:13,324:INFO:Importing libraries
2026-05-26 04:16:13,324:INFO:Copying training dataset
2026-05-26 04:16:13,331:INFO:Defining folds
2026-05-26 04:16:13,332:INFO:Declaring metric variables
2026-05-26 04:16:13,332:INFO:Importing untrained model
2026-05-26 04:16:13,332:INFO:Declaring custom model
2026-05-26 04:16:13,333:INFO:Extra Trees Regressor Imported successfully
2026-05-26 04:16:13,336:INFO:Cross validation set to False
2026-05-26 04:16:13,336:INFO:Fitting Model
2026-05-26 04:16:13,777:INFO:ExtraTreesRegressor(n_jobs=-1, random_state=42)
2026-05-26 04:16:13,777:INFO:create_model() successfully completed......................................
2026-05-26 04:16:13,887:INFO:_master_model_container: 15
2026-05-26 04:16:13,887:INFO:_display_container: 2
2026-05-26 04:16:13,888:INFO:ExtraTreesRegressor(n_jobs=-1, random_state=42)
2026-05-26 04:16:13,888:INFO:compare_models() successfully completed......................................
2026-05-26 04:16:13,889:INFO:Initializing tune_model()
2026-05-26 04:16:13,889:INFO:tune_model(estimator=ExtraTreesRegressor(n_jobs=-1, random_state=42), fold=3, round=4, n_iter=10, custom_grid=None, optimize=R2, custom_scorer=None, search_library=scikit-learn, search_algorithm=None, early_stopping=False, early_stopping_max_iters=10, choose_better=True, fit_kwargs=None, groups=None, return_tuner=False, verbose=True, tuner_verbose=True, return_train_score=False, kwargs={}, self=<pycaret.regression.oop.RegressionExperiment object at 0x0000024BE421DFA0>)
2026-05-26 04:16:13,889:INFO:Checking exceptions
2026-05-26 04:16:13,893:INFO:Copying training dataset
2026-05-26 04:16:13,897:INFO:Checking base model
2026-05-26 04:16:13,897:INFO:Base model : Extra Trees Regressor
2026-05-26 04:16:13,898:INFO:Declaring metric variables
2026-05-26 04:16:13,898:INFO:Defining Hyperparameters
2026-05-26 04:16:13,975:INFO:Tuning with n_jobs=-1
2026-05-26 04:16:13,975:INFO:Initializing RandomizedSearchCV
2026-05-26 04:16:20,783:INFO:best_params: {'actual_estimator__n_estimators': 280, 'actual_estimator__min_samples_split': 7, 'actual_estimator__min_samples_leaf': 2, 'actual_estimator__min_impurity_decrease': 0.01, 'actual_estimator__max_features': 1.0, 'actual_estimator__max_depth': 5, 'actual_estimator__criterion': 'squared_error', 'actual_estimator__bootstrap': True}
2026-05-26 04:16:20,783:INFO:Hyperparameter search completed
2026-05-26 04:16:20,784:INFO:SubProcess create_model() called ==================================
2026-05-26 04:16:20,785:INFO:Initializing create_model()
2026-05-26 04:16:20,785:INFO:create_model(self=<pycaret.regression.oop.RegressionExperiment object at 0x0000024BE421DFA0>, estimator=ExtraTreesRegressor(n_jobs=-1, random_state=42), fold=KFold(n_splits=3, random_state=None, shuffle=False), round=4, cross_validation=True, predict=True, fit_kwargs={}, groups=None, refit=True, probability_threshold=None, experiment_custom_tags=None, verbose=True, system=False, add_to_model_list=True, metrics=None, display=<pycaret.internal.display.display.CommonDisplay object at 0x0000024BD1677400>, model_only=True, return_train_score=False, error_score=0.0, kwargs={'n_estimators': 280, 'min_samples_split': 7, 'min_samples_leaf': 2, 'min_impurity_decrease': 0.01, 'max_features': 1.0, 'max_depth': 5, 'criterion': 'squared_error', 'bootstrap': True})
2026-05-26 04:16:20,786:INFO:Checking exceptions
2026-05-26 04:16:20,786:INFO:Importing libraries
2026-05-26 04:16:20,786:INFO:Copying training dataset
2026-05-26 04:16:20,800:INFO:Defining folds
2026-05-26 04:16:20,800:INFO:Declaring metric variables
2026-05-26 04:16:20,800:INFO:Importing untrained model
2026-05-26 04:16:20,801:INFO:Declaring custom model
2026-05-26 04:16:20,803:INFO:Extra Trees Regressor Imported successfully
2026-05-26 04:16:20,804:INFO:Starting cross validation
2026-05-26 04:16:20,807:INFO:Cross validating with KFold(n_splits=3, random_state=None, shuffle=False), n_jobs=-1
2026-05-26 04:16:22,481:INFO:Calculating mean and std
2026-05-26 04:16:22,483:INFO:Creating metrics dataframe
2026-05-26 04:16:22,488:INFO:Finalizing model
2026-05-26 04:16:23,338:INFO:Uploading results into container
2026-05-26 04:16:23,339:INFO:Uploading model into container now
2026-05-26 04:16:23,339:INFO:_master_model_container: 16
2026-05-26 04:16:23,339:INFO:_display_container: 3
2026-05-26 04:16:23,340:INFO:ExtraTreesRegressor(bootstrap=True, max_depth=5, min_impurity_decrease=0.01,
                    min_samples_leaf=2, min_samples_split=7, n_estimators=280,
                    n_jobs=-1, random_state=42)
2026-05-26 04:16:23,340:INFO:create_model() successfully completed......................................
2026-05-26 04:16:23,418:INFO:SubProcess create_model() end ==================================
2026-05-26 04:16:23,418:INFO:choose_better activated
2026-05-26 04:16:23,418:INFO:SubProcess create_model() called ==================================
2026-05-26 04:16:23,419:INFO:Initializing create_model()
2026-05-26 04:16:23,419:INFO:create_model(self=<pycaret.regression.oop.RegressionExperiment object at 0x0000024BE421DFA0>, estimator=ExtraTreesRegressor(n_jobs=-1, random_state=42), fold=KFold(n_splits=3, random_state=None, shuffle=False), round=4, cross_validation=True, predict=True, fit_kwargs={}, groups=None, refit=True, probability_threshold=None, experiment_custom_tags=None, verbose=False, system=False, add_to_model_list=True, metrics=None, display=None, model_only=True, return_train_score=False, error_score=0.0, kwargs={})
2026-05-26 04:16:23,419:INFO:Checking exceptions
2026-05-26 04:16:23,420:INFO:Importing libraries
2026-05-26 04:16:23,420:INFO:Copying training dataset
2026-05-26 04:16:23,425:INFO:Defining folds
2026-05-26 04:16:23,425:INFO:Declaring metric variables
2026-05-26 04:16:23,426:INFO:Importing untrained model
2026-05-26 04:16:23,426:INFO:Declaring custom model
2026-05-26 04:16:23,427:INFO:Extra Trees Regressor Imported successfully
2026-05-26 04:16:23,427:INFO:Starting cross validation
2026-05-26 04:16:23,428:INFO:Cross validating with KFold(n_splits=3, random_state=None, shuffle=False), n_jobs=-1
2026-05-26 04:16:24,112:INFO:Calculating mean and std
2026-05-26 04:16:24,113:INFO:Creating metrics dataframe
2026-05-26 04:16:24,116:INFO:Finalizing model
2026-05-26 04:16:24,664:INFO:Uploading results into container
2026-05-26 04:16:24,665:INFO:Uploading model into container now
2026-05-26 04:16:24,665:INFO:_master_model_container: 17
2026-05-26 04:16:24,665:INFO:_display_container: 4
2026-05-26 04:16:24,666:INFO:ExtraTreesRegressor(n_jobs=-1, random_state=42)
2026-05-26 04:16:24,666:INFO:create_model() successfully completed......................................
2026-05-26 04:16:24,751:INFO:SubProcess create_model() end ==================================
2026-05-26 04:16:24,752:INFO:ExtraTreesRegressor(n_jobs=-1, random_state=42) result for R2 is 0.9481
2026-05-26 04:16:24,753:INFO:ExtraTreesRegressor(bootstrap=True, max_depth=5, min_impurity_decrease=0.01,
                    min_samples_leaf=2, min_samples_split=7, n_estimators=280,
                    n_jobs=-1, random_state=42) result for R2 is 0.9312
2026-05-26 04:16:24,753:INFO:ExtraTreesRegressor(n_jobs=-1, random_state=42) is best model
2026-05-26 04:16:24,753:INFO:choose_better completed
2026-05-26 04:16:24,753:INFO:Original model was better than the tuned model, hence it will be returned. NOTE: The display metrics are for the tuned model (not the original one).
2026-05-26 04:16:24,765:INFO:_master_model_container: 17
2026-05-26 04:16:24,765:INFO:_display_container: 3
2026-05-26 04:16:24,766:INFO:ExtraTreesRegressor(n_jobs=-1, random_state=42)
2026-05-26 04:16:24,766:INFO:tune_model() successfully completed......................................
2026-05-26 04:16:24,842:INFO:Initializing finalize_model()
2026-05-26 04:16:24,842:INFO:finalize_model(self=<pycaret.regression.oop.RegressionExperiment object at 0x0000024BE421DFA0>, estimator=ExtraTreesRegressor(n_jobs=-1, random_state=42), fit_kwargs=None, groups=None, model_only=False, experiment_custom_tags=None)
2026-05-26 04:16:24,842:INFO:Finalizing ExtraTreesRegressor(n_jobs=-1, random_state=42)
2026-05-26 04:16:24,847:INFO:Initializing create_model()
2026-05-26 04:16:24,847:INFO:create_model(self=<pycaret.regression.oop.RegressionExperiment object at 0x0000024BE421DFA0>, estimator=ExtraTreesRegressor(n_jobs=-1, random_state=42), fold=None, round=4, cross_validation=False, predict=False, fit_kwargs={}, groups=None, refit=True, probability_threshold=None, experiment_custom_tags=None, verbose=False, system=False, add_to_model_list=False, metrics=None, display=None, model_only=False, return_train_score=False, error_score=0.0, kwargs={})
2026-05-26 04:16:24,848:INFO:Checking exceptions
2026-05-26 04:16:24,849:INFO:Importing libraries
2026-05-26 04:16:24,849:INFO:Copying training dataset
2026-05-26 04:16:24,849:INFO:Defining folds
2026-05-26 04:16:24,849:INFO:Declaring metric variables
2026-05-26 04:16:24,849:INFO:Importing untrained model
2026-05-26 04:16:24,850:INFO:Declaring custom model
2026-05-26 04:16:24,850:INFO:Extra Trees Regressor Imported successfully
2026-05-26 04:16:24,851:INFO:Cross validation set to False
2026-05-26 04:16:24,851:INFO:Fitting Model
2026-05-26 04:16:25,318:INFO:Pipeline(memory=Memory(location=None),
         steps=[('numerical_imputer',
                 TransformerWrapper(include=['gastrocmed_mav',
                                             'tibialisanterior_mav',
                                             'soleus_mav', 'vastusmedialis_mav',
                                             'vastuslateralis_mav',
                                             'rectusfemoris_mav',
                                             'bicepsfemoris_mav',
                                             'semitendinosus_mav',
                                             'gracilis_mav',
                                             'gluteusmedius_mav',
                                             'rightexternaloblique_mav',
                                             'gastrocmed_rms',
                                             'tibialisanterior_rm...
                                    transformer=SimpleImputer(strategy='most_frequent'))),
                ('remove_multicollinearity',
                 TransformerWrapper(exclude=[],
                                    transformer=RemoveMulticollinearity(threshold=0.95))),
                ('transformation',
                 TransformerWrapper(transformer=PowerTransformer(standardize=False))),
                ('normalize', TransformerWrapper(transformer=StandardScaler())),
                ('actual_estimator',
                 ExtraTreesRegressor(n_jobs=-1, random_state=42))])
2026-05-26 04:16:25,318:INFO:create_model() successfully completed......................................
2026-05-26 04:16:25,396:INFO:_master_model_container: 17
2026-05-26 04:16:25,397:INFO:_display_container: 3
2026-05-26 04:16:25,410:INFO:Pipeline(memory=Memory(location=None),
         steps=[('numerical_imputer',
                 TransformerWrapper(include=['gastrocmed_mav',
                                             'tibialisanterior_mav',
                                             'soleus_mav', 'vastusmedialis_mav',
                                             'vastuslateralis_mav',
                                             'rectusfemoris_mav',
                                             'bicepsfemoris_mav',
                                             'semitendinosus_mav',
                                             'gracilis_mav',
                                             'gluteusmedius_mav',
                                             'rightexternaloblique_mav',
                                             'gastrocmed_rms',
                                             'tibialisanterior_rm...
                                    transformer=SimpleImputer(strategy='most_frequent'))),
                ('remove_multicollinearity',
                 TransformerWrapper(exclude=[],
                                    transformer=RemoveMulticollinearity(threshold=0.95))),
                ('transformation',
                 TransformerWrapper(transformer=PowerTransformer(standardize=False))),
                ('normalize', TransformerWrapper(transformer=StandardScaler())),
                ('actual_estimator',
                 ExtraTreesRegressor(n_jobs=-1, random_state=42))])
2026-05-26 04:16:25,411:INFO:finalize_model() successfully completed......................................
2026-05-26 04:16:25,508:INFO:Initializing save_model()
2026-05-26 04:16:25,509:INFO:save_model(model=Pipeline(memory=Memory(location=None),
         steps=[('numerical_imputer',
                 TransformerWrapper(include=['gastrocmed_mav',
                                             'tibialisanterior_mav',
                                             'soleus_mav', 'vastusmedialis_mav',
                                             'vastuslateralis_mav',
                                             'rectusfemoris_mav',
                                             'bicepsfemoris_mav',
                                             'semitendinosus_mav',
                                             'gracilis_mav',
                                             'gluteusmedius_mav',
                                             'rightexternaloblique_mav',
                                             'gastrocmed_rms',
                                             'tibialisanterior_rm...
                                    transformer=SimpleImputer(strategy='most_frequent'))),
                ('remove_multicollinearity',
                 TransformerWrapper(exclude=[],
                                    transformer=RemoveMulticollinearity(threshold=0.95))),
                ('transformation',
                 TransformerWrapper(transformer=PowerTransformer(standardize=False))),
                ('normalize', TransformerWrapper(transformer=StandardScaler())),
                ('actual_estimator',
                 ExtraTreesRegressor(n_jobs=-1, random_state=42))]), model_name=best_regressor_model, prep_pipe_=Pipeline(memory=FastMemory(location=C:\Users\youna\AppData\Local\Temp\joblib),
         steps=[('numerical_imputer',
                 TransformerWrapper(include=['gastrocmed_mav',
                                             'tibialisanterior_mav',
                                             'soleus_mav', 'vastusmedialis_mav',
                                             'vastuslateralis_mav',
                                             'rectusfemoris_mav',
                                             'bicepsfemoris_mav',
                                             'semitendinosus_mav',
                                             'gracilis_mav',
                                             'gluteusmedius_mav',
                                             'rightexternaloblique_ma...
                ('categorical_imputer',
                 TransformerWrapper(include=[],
                                    transformer=SimpleImputer(strategy='most_frequent'))),
                ('remove_multicollinearity',
                 TransformerWrapper(exclude=[],
                                    transformer=RemoveMulticollinearity(threshold=0.95))),
                ('transformation',
                 TransformerWrapper(transformer=PowerTransformer(standardize=False))),
                ('normalize',
                 TransformerWrapper(transformer=StandardScaler()))]), verbose=True, use_case=MLUsecase.REGRESSION, kwargs={})
2026-05-26 04:16:25,509:INFO:Adding model into prep_pipe
2026-05-26 04:16:25,509:WARNING:Only Model saved as it was a pipeline.
2026-05-26 04:16:25,599:INFO:best_regressor_model.pkl saved in current working directory
2026-05-26 04:16:25,615:INFO:Pipeline(memory=Memory(location=None),
         steps=[('numerical_imputer',
                 TransformerWrapper(include=['gastrocmed_mav',
                                             'tibialisanterior_mav',
                                             'soleus_mav', 'vastusmedialis_mav',
                                             'vastuslateralis_mav',
                                             'rectusfemoris_mav',
                                             'bicepsfemoris_mav',
                                             'semitendinosus_mav',
                                             'gracilis_mav',
                                             'gluteusmedius_mav',
                                             'rightexternaloblique_mav',
                                             'gastrocmed_rms',
                                             'tibialisanterior_rm...
                                    transformer=SimpleImputer(strategy='most_frequent'))),
                ('remove_multicollinearity',
                 TransformerWrapper(exclude=[],
                                    transformer=RemoveMulticollinearity(threshold=0.95))),
                ('transformation',
                 TransformerWrapper(transformer=PowerTransformer(standardize=False))),
                ('normalize', TransformerWrapper(transformer=StandardScaler())),
                ('actual_estimator',
                 ExtraTreesRegressor(n_jobs=-1, random_state=42))])
2026-05-26 04:16:25,616:INFO:save_model() successfully completed......................................
2026-05-26 04:22:48,121:WARNING:
'cuml' is a soft dependency and not included in the pycaret installation. Please run: `pip install cuml` to install.
2026-05-26 04:22:48,121:WARNING:
'cuml' is a soft dependency and not included in the pycaret installation. Please run: `pip install cuml` to install.
2026-05-26 04:22:48,121:WARNING:
'cuml' is a soft dependency and not included in the pycaret installation. Please run: `pip install cuml` to install.
2026-05-26 04:22:48,121:WARNING:
'cuml' is a soft dependency and not included in the pycaret installation. Please run: `pip install cuml` to install.
2026-05-26 04:22:48,273:INFO:Initializing load_model()
2026-05-26 04:22:48,273:INFO:load_model(model_name=C:\Users\youna\Downloads\exoskeleton_system_using_biomedical_sensor_data-main\exoskeleton_system_using_biomedical_sensor_data-main\exoskeleton_pipeline\best_regressor_model, platform=None, authentication=None, verbose=True)
2026-05-26 04:23:04,261:INFO:Initializing predict_model()
2026-05-26 04:23:04,261:INFO:predict_model(self=<pycaret.regression.oop.RegressionExperiment object at 0x0000029F468B0310>, estimator=Pipeline(memory=Memory(location=None),
         steps=[('numerical_imputer',
                 TransformerWrapper(include=['gastrocmed_mav',
                                             'tibialisanterior_mav',
                                             'soleus_mav', 'vastusmedialis_mav',
                                             'vastuslateralis_mav',
                                             'rectusfemoris_mav',
                                             'bicepsfemoris_mav',
                                             'semitendinosus_mav',
                                             'gracilis_mav',
                                             'gluteusmedius_mav',
                                             'rightexternaloblique_mav',
                                             'gastrocmed_rms',
                                             'tibialisanterior_rm...
                                    transformer=SimpleImputer(strategy='most_frequent'))),
                ('remove_multicollinearity',
                 TransformerWrapper(exclude=[],
                                    transformer=RemoveMulticollinearity(threshold=0.95))),
                ('transformation',
                 TransformerWrapper(transformer=PowerTransformer(standardize=False))),
                ('normalize', TransformerWrapper(transformer=StandardScaler())),
                ('actual_estimator',
                 ExtraTreesRegressor(n_jobs=-1, random_state=42))]), probability_threshold=None, encoded_labels=False, raw_score=False, round=4, verbose=True, ml_usecase=None, preprocess=True, encode_labels=<function _SupervisedExperiment.predict_model.<locals>.encode_labels at 0x0000029F45885A60>)
2026-05-26 04:23:04,261:INFO:Checking exceptions
2026-05-26 04:23:04,261:INFO:Preloading libraries
2026-05-26 04:23:04,262:INFO:Set up data.
2026-05-26 04:23:04,277:INFO:Set up index.
2026-05-26 04:23:04,969:INFO:Initializing predict_model()
2026-05-26 04:23:04,969:INFO:predict_model(self=<pycaret.regression.oop.RegressionExperiment object at 0x0000029F458D2A30>, estimator=Pipeline(memory=Memory(location=None),
         steps=[('numerical_imputer',
                 TransformerWrapper(include=['gastrocmed_mav',
                                             'tibialisanterior_mav',
                                             'soleus_mav', 'vastusmedialis_mav',
                                             'vastuslateralis_mav',
                                             'rectusfemoris_mav',
                                             'bicepsfemoris_mav',
                                             'semitendinosus_mav',
                                             'gracilis_mav',
                                             'gluteusmedius_mav',
                                             'rightexternaloblique_mav',
                                             'gastrocmed_rms',
                                             'tibialisanterior_rm...
                                    transformer=SimpleImputer(strategy='most_frequent'))),
                ('remove_multicollinearity',
                 TransformerWrapper(exclude=[],
                                    transformer=RemoveMulticollinearity(threshold=0.95))),
                ('transformation',
                 TransformerWrapper(transformer=PowerTransformer(standardize=False))),
                ('normalize', TransformerWrapper(transformer=StandardScaler())),
                ('actual_estimator',
                 ExtraTreesRegressor(n_jobs=-1, random_state=42))]), probability_threshold=None, encoded_labels=False, raw_score=False, round=4, verbose=True, ml_usecase=None, preprocess=True, encode_labels=<function _SupervisedExperiment.predict_model.<locals>.encode_labels at 0x0000029F45885AF0>)
2026-05-26 04:23:04,969:INFO:Checking exceptions
2026-05-26 04:23:04,969:INFO:Preloading libraries
2026-05-26 04:23:04,970:INFO:Set up data.
2026-05-26 04:23:04,982:INFO:Set up index.
2026-05-26 04:23:05,652:INFO:Initializing predict_model()
2026-05-26 04:23:05,652:INFO:predict_model(self=<pycaret.regression.oop.RegressionExperiment object at 0x0000029F458D2A30>, estimator=Pipeline(memory=Memory(location=None),
         steps=[('numerical_imputer',
                 TransformerWrapper(include=['gastrocmed_mav',
                                             'tibialisanterior_mav',
                                             'soleus_mav', 'vastusmedialis_mav',
                                             'vastuslateralis_mav',
                                             'rectusfemoris_mav',
                                             'bicepsfemoris_mav',
                                             'semitendinosus_mav',
                                             'gracilis_mav',
                                             'gluteusmedius_mav',
                                             'rightexternaloblique_mav',
                                             'gastrocmed_rms',
                                             'tibialisanterior_rm...
                                    transformer=SimpleImputer(strategy='most_frequent'))),
                ('remove_multicollinearity',
                 TransformerWrapper(exclude=[],
                                    transformer=RemoveMulticollinearity(threshold=0.95))),
                ('transformation',
                 TransformerWrapper(transformer=PowerTransformer(standardize=False))),
                ('normalize', TransformerWrapper(transformer=StandardScaler())),
                ('actual_estimator',
                 ExtraTreesRegressor(n_jobs=-1, random_state=42))]), probability_threshold=None, encoded_labels=False, raw_score=False, round=4, verbose=True, ml_usecase=None, preprocess=True, encode_labels=<function _SupervisedExperiment.predict_model.<locals>.encode_labels at 0x0000029F45885D30>)
2026-05-26 04:23:05,653:INFO:Checking exceptions
2026-05-26 04:23:05,653:INFO:Preloading libraries
2026-05-26 04:23:05,653:INFO:Set up data.
2026-05-26 04:23:05,665:INFO:Set up index.
2026-05-26 04:23:06,329:INFO:Initializing predict_model()
2026-05-26 04:23:06,329:INFO:predict_model(self=<pycaret.regression.oop.RegressionExperiment object at 0x0000029F458B6DC0>, estimator=Pipeline(memory=Memory(location=None),
         steps=[('numerical_imputer',
                 TransformerWrapper(include=['gastrocmed_mav',
                                             'tibialisanterior_mav',
                                             'soleus_mav', 'vastusmedialis_mav',
                                             'vastuslateralis_mav',
                                             'rectusfemoris_mav',
                                             'bicepsfemoris_mav',
                                             'semitendinosus_mav',
                                             'gracilis_mav',
                                             'gluteusmedius_mav',
                                             'rightexternaloblique_mav',
                                             'gastrocmed_rms',
                                             'tibialisanterior_rm...
                                    transformer=SimpleImputer(strategy='most_frequent'))),
                ('remove_multicollinearity',
                 TransformerWrapper(exclude=[],
                                    transformer=RemoveMulticollinearity(threshold=0.95))),
                ('transformation',
                 TransformerWrapper(transformer=PowerTransformer(standardize=False))),
                ('normalize', TransformerWrapper(transformer=StandardScaler())),
                ('actual_estimator',
                 ExtraTreesRegressor(n_jobs=-1, random_state=42))]), probability_threshold=None, encoded_labels=False, raw_score=False, round=4, verbose=True, ml_usecase=None, preprocess=True, encode_labels=<function _SupervisedExperiment.predict_model.<locals>.encode_labels at 0x0000029F45885CA0>)
2026-05-26 04:23:06,330:INFO:Checking exceptions
2026-05-26 04:23:06,330:INFO:Preloading libraries
2026-05-26 04:23:06,330:INFO:Set up data.
2026-05-26 04:23:06,341:INFO:Set up index.
2026-05-26 04:23:07,001:INFO:Initializing predict_model()
2026-05-26 04:23:07,001:INFO:predict_model(self=<pycaret.regression.oop.RegressionExperiment object at 0x0000029F468B00D0>, estimator=Pipeline(memory=Memory(location=None),
         steps=[('numerical_imputer',
                 TransformerWrapper(include=['gastrocmed_mav',
                                             'tibialisanterior_mav',
                                             'soleus_mav', 'vastusmedialis_mav',
                                             'vastuslateralis_mav',
                                             'rectusfemoris_mav',
                                             'bicepsfemoris_mav',
                                             'semitendinosus_mav',
                                             'gracilis_mav',
                                             'gluteusmedius_mav',
                                             'rightexternaloblique_mav',
                                             'gastrocmed_rms',
                                             'tibialisanterior_rm...
                                    transformer=SimpleImputer(strategy='most_frequent'))),
                ('remove_multicollinearity',
                 TransformerWrapper(exclude=[],
                                    transformer=RemoveMulticollinearity(threshold=0.95))),
                ('transformation',
                 TransformerWrapper(transformer=PowerTransformer(standardize=False))),
                ('normalize', TransformerWrapper(transformer=StandardScaler())),
                ('actual_estimator',
                 ExtraTreesRegressor(n_jobs=-1, random_state=42))]), probability_threshold=None, encoded_labels=False, raw_score=False, round=4, verbose=True, ml_usecase=None, preprocess=True, encode_labels=<function _SupervisedExperiment.predict_model.<locals>.encode_labels at 0x0000029F45885940>)
2026-05-26 04:23:07,001:INFO:Checking exceptions
2026-05-26 04:23:07,001:INFO:Preloading libraries
2026-05-26 04:23:07,002:INFO:Set up data.
2026-05-26 04:23:07,012:INFO:Set up index.
2026-05-26 14:08:04,496:WARNING:
'cuml' is a soft dependency and not included in the pycaret installation. Please run: `pip install cuml` to install.
2026-05-26 14:08:04,497:WARNING:
'cuml' is a soft dependency and not included in the pycaret installation. Please run: `pip install cuml` to install.
2026-05-26 14:08:04,497:WARNING:
'cuml' is a soft dependency and not included in the pycaret installation. Please run: `pip install cuml` to install.
2026-05-26 14:08:04,497:WARNING:
'cuml' is a soft dependency and not included in the pycaret installation. Please run: `pip install cuml` to install.
2026-05-26 14:08:04,944:INFO:Initializing load_model()
2026-05-26 14:08:04,944:INFO:load_model(model_name=C:\Users\youna\Downloads\exoskeleton_system_using_biomedical_sensor_data-main\exoskeleton_system_using_biomedical_sensor_data-main\exoskeleton_pipeline\best_regressor_model, platform=None, authentication=None, verbose=True)
2026-05-26 14:11:49,848:INFO:Initializing predict_model()
2026-05-26 14:11:49,848:INFO:predict_model(self=<pycaret.regression.oop.RegressionExperiment object at 0x00000258FED2B430>, estimator=Pipeline(memory=Memory(location=None),
         steps=[('numerical_imputer',
                 TransformerWrapper(include=['gastrocmed_mav',
                                             'tibialisanterior_mav',
                                             'soleus_mav', 'vastusmedialis_mav',
                                             'vastuslateralis_mav',
                                             'rectusfemoris_mav',
                                             'bicepsfemoris_mav',
                                             'semitendinosus_mav',
                                             'gracilis_mav',
                                             'gluteusmedius_mav',
                                             'rightexternaloblique_mav',
                                             'gastrocmed_rms',
                                             'tibialisanterior_rm...
                                    transformer=SimpleImputer(strategy='most_frequent'))),
                ('remove_multicollinearity',
                 TransformerWrapper(exclude=[],
                                    transformer=RemoveMulticollinearity(threshold=0.95))),
                ('transformation',
                 TransformerWrapper(transformer=PowerTransformer(standardize=False))),
                ('normalize', TransformerWrapper(transformer=StandardScaler())),
                ('actual_estimator',
                 ExtraTreesRegressor(n_jobs=-1, random_state=42))]), probability_threshold=None, encoded_labels=False, raw_score=False, round=4, verbose=True, ml_usecase=None, preprocess=True, encode_labels=<function _SupervisedExperiment.predict_model.<locals>.encode_labels at 0x00000258FDD025E0>)
2026-05-26 14:11:49,848:INFO:Checking exceptions
2026-05-26 14:11:49,849:INFO:Preloading libraries
2026-05-26 14:11:49,850:INFO:Set up data.
2026-05-26 14:11:49,884:INFO:Set up index.
