2026-05-26 18:01:48,375:WARNING:
'cuml' is a soft dependency and not included in the pycaret installation. Please run: `pip install cuml` to install.
2026-05-26 18:01:48,375:WARNING:
'cuml' is a soft dependency and not included in the pycaret installation. Please run: `pip install cuml` to install.
2026-05-26 18:01:48,375:WARNING:
'cuml' is a soft dependency and not included in the pycaret installation. Please run: `pip install cuml` to install.
2026-05-26 18:01:48,376:WARNING:
'cuml' is a soft dependency and not included in the pycaret installation. Please run: `pip install cuml` to install.
2026-05-26 18:01:48,671:INFO:Initializing load_model()
2026-05-26 18:01:48,671:INFO:load_model(model_name=C:\Users\youna\Downloads\exoskeleton_system_using_biomedical_sensor_data-main\exoskeleton_system_using_biomedical_sensor_data-main\exoskeleton_pipeline\best_regressor_model, platform=None, authentication=None, verbose=True)
2026-05-26 18:02:04,096:INFO:Initializing predict_model()
2026-05-26 18:02:04,096:INFO:predict_model(self=<pycaret.regression.oop.RegressionExperiment object at 0x0000027339D72400>, estimator=Pipeline(memory=Memory(location=None),
         steps=[('numerical_imputer',
                 TransformerWrapper(include=['gastrocmed_mav',
                                             'tibialisanterior_mav',
                                             'soleus_mav', 'vastusmedialis_mav',
                                             'vastuslateralis_mav',
                                             'rectusfemoris_mav',
                                             'bicepsfemoris_mav',
                                             'semitendinosus_mav',
                                             'gracilis_mav',
                                             'gluteusmedius_mav',
                                             'rightexternaloblique_mav',
                                             'gastrocmed_rms',
                                             'tibialisanterior_rm...
                                    transformer=SimpleImputer(strategy='most_frequent'))),
                ('remove_multicollinearity',
                 TransformerWrapper(exclude=[],
                                    transformer=RemoveMulticollinearity(threshold=0.95))),
                ('transformation',
                 TransformerWrapper(transformer=PowerTransformer(standardize=False))),
                ('normalize', TransformerWrapper(transformer=StandardScaler())),
                ('actual_estimator',
                 ExtraTreesRegressor(n_jobs=-1, random_state=42))]), probability_threshold=None, encoded_labels=False, raw_score=False, round=4, verbose=True, ml_usecase=None, preprocess=True, encode_labels=<function _SupervisedExperiment.predict_model.<locals>.encode_labels at 0x0000027338D8E1F0>)
2026-05-26 18:02:04,097:INFO:Checking exceptions
2026-05-26 18:02:04,097:INFO:Preloading libraries
2026-05-26 18:02:04,103:INFO:Set up data.
2026-05-26 18:02:04,116:INFO:Set up index.
2026-05-26 18:02:04,839:INFO:Initializing predict_model()
2026-05-26 18:02:04,839:INFO:predict_model(self=<pycaret.regression.oop.RegressionExperiment object at 0x0000027339D641C0>, estimator=Pipeline(memory=Memory(location=None),
         steps=[('numerical_imputer',
                 TransformerWrapper(include=['gastrocmed_mav',
                                             'tibialisanterior_mav',
                                             'soleus_mav', 'vastusmedialis_mav',
                                             'vastuslateralis_mav',
                                             'rectusfemoris_mav',
                                             'bicepsfemoris_mav',
                                             'semitendinosus_mav',
                                             'gracilis_mav',
                                             'gluteusmedius_mav',
                                             'rightexternaloblique_mav',
                                             'gastrocmed_rms',
                                             'tibialisanterior_rm...
                                    transformer=SimpleImputer(strategy='most_frequent'))),
                ('remove_multicollinearity',
                 TransformerWrapper(exclude=[],
                                    transformer=RemoveMulticollinearity(threshold=0.95))),
                ('transformation',
                 TransformerWrapper(transformer=PowerTransformer(standardize=False))),
                ('normalize', TransformerWrapper(transformer=StandardScaler())),
                ('actual_estimator',
                 ExtraTreesRegressor(n_jobs=-1, random_state=42))]), probability_threshold=None, encoded_labels=False, raw_score=False, round=4, verbose=True, ml_usecase=None, preprocess=True, encode_labels=<function _SupervisedExperiment.predict_model.<locals>.encode_labels at 0x0000027338D8E0D0>)
2026-05-26 18:02:04,839:INFO:Checking exceptions
2026-05-26 18:02:04,839:INFO:Preloading libraries
2026-05-26 18:02:04,839:INFO:Set up data.
2026-05-26 18:02:04,850:INFO:Set up index.
2026-05-26 18:02:05,551:INFO:Initializing predict_model()
2026-05-26 18:02:05,552:INFO:predict_model(self=<pycaret.regression.oop.RegressionExperiment object at 0x0000027339D64550>, estimator=Pipeline(memory=Memory(location=None),
         steps=[('numerical_imputer',
                 TransformerWrapper(include=['gastrocmed_mav',
                                             'tibialisanterior_mav',
                                             'soleus_mav', 'vastusmedialis_mav',
                                             'vastuslateralis_mav',
                                             'rectusfemoris_mav',
                                             'bicepsfemoris_mav',
                                             'semitendinosus_mav',
                                             'gracilis_mav',
                                             'gluteusmedius_mav',
                                             'rightexternaloblique_mav',
                                             'gastrocmed_rms',
                                             'tibialisanterior_rm...
                                    transformer=SimpleImputer(strategy='most_frequent'))),
                ('remove_multicollinearity',
                 TransformerWrapper(exclude=[],
                                    transformer=RemoveMulticollinearity(threshold=0.95))),
                ('transformation',
                 TransformerWrapper(transformer=PowerTransformer(standardize=False))),
                ('normalize', TransformerWrapper(transformer=StandardScaler())),
                ('actual_estimator',
                 ExtraTreesRegressor(n_jobs=-1, random_state=42))]), probability_threshold=None, encoded_labels=False, raw_score=False, round=4, verbose=True, ml_usecase=None, preprocess=True, encode_labels=<function _SupervisedExperiment.predict_model.<locals>.encode_labels at 0x0000027338D8E310>)
2026-05-26 18:02:05,552:INFO:Checking exceptions
2026-05-26 18:02:05,552:INFO:Preloading libraries
2026-05-26 18:02:05,552:INFO:Set up data.
2026-05-26 18:02:05,562:INFO:Set up index.
2026-05-26 18:02:06,251:INFO:Initializing predict_model()
2026-05-26 18:02:06,251:INFO:predict_model(self=<pycaret.regression.oop.RegressionExperiment object at 0x0000027339D72160>, estimator=Pipeline(memory=Memory(location=None),
         steps=[('numerical_imputer',
                 TransformerWrapper(include=['gastrocmed_mav',
                                             'tibialisanterior_mav',
                                             'soleus_mav', 'vastusmedialis_mav',
                                             'vastuslateralis_mav',
                                             'rectusfemoris_mav',
                                             'bicepsfemoris_mav',
                                             'semitendinosus_mav',
                                             'gracilis_mav',
                                             'gluteusmedius_mav',
                                             'rightexternaloblique_mav',
                                             'gastrocmed_rms',
                                             'tibialisanterior_rm...
                                    transformer=SimpleImputer(strategy='most_frequent'))),
                ('remove_multicollinearity',
                 TransformerWrapper(exclude=[],
                                    transformer=RemoveMulticollinearity(threshold=0.95))),
                ('transformation',
                 TransformerWrapper(transformer=PowerTransformer(standardize=False))),
                ('normalize', TransformerWrapper(transformer=StandardScaler())),
                ('actual_estimator',
                 ExtraTreesRegressor(n_jobs=-1, random_state=42))]), probability_threshold=None, encoded_labels=False, raw_score=False, round=4, verbose=True, ml_usecase=None, preprocess=True, encode_labels=<function _SupervisedExperiment.predict_model.<locals>.encode_labels at 0x0000027338D8E280>)
2026-05-26 18:02:06,251:INFO:Checking exceptions
2026-05-26 18:02:06,252:INFO:Preloading libraries
2026-05-26 18:02:06,252:INFO:Set up data.
2026-05-26 18:02:06,261:INFO:Set up index.
2026-05-26 18:02:06,961:INFO:Initializing predict_model()
2026-05-26 18:02:06,961:INFO:predict_model(self=<pycaret.regression.oop.RegressionExperiment object at 0x0000027339D72250>, estimator=Pipeline(memory=Memory(location=None),
         steps=[('numerical_imputer',
                 TransformerWrapper(include=['gastrocmed_mav',
                                             'tibialisanterior_mav',
                                             'soleus_mav', 'vastusmedialis_mav',
                                             'vastuslateralis_mav',
                                             'rectusfemoris_mav',
                                             'bicepsfemoris_mav',
                                             'semitendinosus_mav',
                                             'gracilis_mav',
                                             'gluteusmedius_mav',
                                             'rightexternaloblique_mav',
                                             'gastrocmed_rms',
                                             'tibialisanterior_rm...
                                    transformer=SimpleImputer(strategy='most_frequent'))),
                ('remove_multicollinearity',
                 TransformerWrapper(exclude=[],
                                    transformer=RemoveMulticollinearity(threshold=0.95))),
                ('transformation',
                 TransformerWrapper(transformer=PowerTransformer(standardize=False))),
                ('normalize', TransformerWrapper(transformer=StandardScaler())),
                ('actual_estimator',
                 ExtraTreesRegressor(n_jobs=-1, random_state=42))]), probability_threshold=None, encoded_labels=False, raw_score=False, round=4, verbose=True, ml_usecase=None, preprocess=True, encode_labels=<function _SupervisedExperiment.predict_model.<locals>.encode_labels at 0x0000027338D8E0D0>)
2026-05-26 18:02:06,961:INFO:Checking exceptions
2026-05-26 18:02:06,961:INFO:Preloading libraries
2026-05-26 18:02:06,962:INFO:Set up data.
2026-05-26 18:02:06,972:INFO:Set up index.
2026-05-26 18:07:01,721:WARNING:
'cuml' is a soft dependency and not included in the pycaret installation. Please run: `pip install cuml` to install.
2026-05-26 18:07:01,721:WARNING:
'cuml' is a soft dependency and not included in the pycaret installation. Please run: `pip install cuml` to install.
2026-05-26 18:07:01,721:WARNING:
'cuml' is a soft dependency and not included in the pycaret installation. Please run: `pip install cuml` to install.
2026-05-26 18:07:01,721:WARNING:
'cuml' is a soft dependency and not included in the pycaret installation. Please run: `pip install cuml` to install.
2026-05-26 18:07:01,867:INFO:Initializing load_model()
2026-05-26 18:07:01,867:INFO:load_model(model_name=C:\Users\youna\Downloads\exoskeleton_system_using_biomedical_sensor_data-main\exoskeleton_system_using_biomedical_sensor_data-main\exoskeleton_pipeline\best_regressor_model, platform=None, authentication=None, verbose=True)
